// Jest Snapshot v1, https://goo.gl/fbAQLP

exports[`Legend component renderes correctly 1`] = `
<div>
  <div
    className="legend 01"
    style={
      Object {
        "right": "20px",
      }
    }
  >
    <div
      className="legend-row"
      data-layer="undefined"
      id="legend-undefined-01"
      key="0"
    >
      <b />
      <span />
    </div>
  </div>
</div>
`;
