// Jest Snapshot v1, https://goo.gl/fbAQLP

exports[`DetailView DetailView component renders correctly 1`] = `
<Connect(DetailView)
  MAP={
    Object {
      "timeseries": Object {
        "visibility": true,
      },
    }
  }
  store={
    Object {
      "clearActions": [Function],
      "dispatch": [Function],
      "getActions": [Function],
      "getState": [Function],
      "replaceReducer": [Function],
      "subscribe": [Function],
    }
  }
>
  <DetailView
    MAP={
      Object {
        "filter": Object {},
        "layers": Object {},
        "timeseries": Object {},
      }
    }
    dispatch={[Function]}
    layerObj={null}
    store={
      Object {
        "clearActions": [Function],
        "dispatch": [Function],
        "getActions": [Function],
        "getState": [Function],
        "replaceReducer": [Function],
        "subscribe": [Function],
      }
    }
    storeSubscription={
      Subscription {
        "listeners": Object {
          "clear": [Function],
          "get": [Function],
          "notify": [Function],
          "subscribe": [Function],
        },
        "onStateChange": [Function],
        "parentSub": undefined,
        "store": Object {
          "clearActions": [Function],
          "dispatch": [Function],
          "getActions": [Function],
          "getState": [Function],
          "replaceReducer": [Function],
          "subscribe": [Function],
        },
        "unsubscribe": [Function],
      }
    }
  />
</Connect(DetailView)>
`;
