// Jest Snapshot v1, https://goog.gl/fbAQLP

exports[`DetailView DetailView component renderes correctly 1`] = `
	  <div className="detail-view-wrapper">
        <a
          className="close-btn"
          title="Close profile view"
          onClick={e => this.onCloseClick(e)}
          href="/detail-view"
        >
          <span className="glyphicon glyphicon-remove" />
        </a>

        <div className="detail-basic-details">
          <div className="detail-header">
            <h4>{title}</h4>
            {!!subTitle ? (<h6>{subTitle}</h6>) : ''}
            <img
              id="facilityImg"
              alt={`${title}`}
              onClick={(e) => this.onFacilityImageClick(e)}
              src="/assets/img/no-facility-img.jpg" />
          </div>
          <div className="detail-list">
            <ul>{detailList}</ul>
          </div>
        </div>
        {this.props.children ? (
          <div className="detail-extension-wrapper">
            {
              React.Children.map(this.props.children, child => 
                React.cloneElement(child, {
                  parentstate: child.props.parentstate && this.state,
                  parentprops: child.props.parentprops && this.props,
                })
              )
            }

          </div>
        ) : ''}
        {this.state.showImageModal ?
        <div id="image-modal" className="modal">
          <span
            className="close"
            onClick={(e) => this.closeImageModal(e)}
          >&times;</span>
          <img
            alt={`${title}`}
            src="/assets/img/no-facility-img.jpg"
            className="modal-content"
            id="facility-image" />
          <div id="caption">
            {title}
          </div>
        </div> : ''}
      </div>
`;

//for loop that that creates a list that is being passed into this
//values are not updated