// Jest Snapshot v1, https://goo.gl/fbAQLP

exports[`/src/lib/components/Login/OnaOauthLogin renders correctly 1`] = `
<OnaOauthLogin
  clientID="client_id"
  provider="onadata"
>
  <form
    className="login-form"
  >
    <div
      className="form-group"
    >
      <a
        className="btn btn-default center-block btn-block"
        href="https://api.ona.io/o/authorize/?client_id=client_id&redirect_uri=http%3A%2F%2Flocalhost%2Fcallback&response_type=token&state=abc&scope=read%20write"
      >
        Login
      </a>
    </div>
  </form>
</OnaOauthLogin>
`;

exports[`/src/lib/components/Login/OnaOauthLogin renders default oauth provider if provider is not provided 1`] = `
<OnaOauthLogin
  clientID="client_id"
  provider="onadata"
>
  <form
    className="login-form"
  >
    <div
      className="form-group"
    >
      <a
        className="btn btn-default center-block btn-block"
        href="https://api.ona.io/o/authorize/?client_id=client_id&redirect_uri=http%3A%2F%2Flocalhost%2Fcallback&response_type=token&state=abc&scope=read%20write"
      >
        Login
      </a>
    </div>
  </form>
</OnaOauthLogin>
`;
