// Jest Snapshot v1, https://goo.gl/fbAQLP

exports[`/src/lib/components/Login/OnaOauthLogin renders correctly 1`] = `
<OnaOauthLogin
  clientID="client_id"
>
  <form
    className="login-form"
  >
    <div
      className="form-group"
    >
      <a
        className="btn btn-default center-block btn-block"
      >
        Login
      </a>
    </div>
  </form>
</OnaOauthLogin>
`;
