// Jest Snapshot v1, https://goo.gl/fbAQLP

exports[`AdvancedFilter AdvancedFilter component renderes correctly 1`] = `
<div
  className="advanced-controls-container"
>
  <div
    className="advanced-controls"
    key="0"
  >
    <select
      onChange={[Function]}
      role="button"
    >
      <option
        label="contains"
        selected="selected"
      >
        contains
      </option>
      <option
        label="does not contain"
      >
        does not contain
      </option>
      <option
        label="starts with"
      >
        starts with
      </option>
      <option
        label="does not start with"
      >
        does not start with
      </option>
      <option
        label="is"
      >
        is
      </option>
      <option
        label="is not"
      >
        is not
      </option>
    </select>
    <input
      className="advanced-search"
      data-type="advanced-filter"
      onChange={[Function]}
      type="text"
      value="test"
    />
    <div>
      <span
        className="glyphicon glyphicon-minus"
        onClick={[Function]}
        role="button"
        tabIndex="0"
      />
      <span
        className="glyphicon glyphicon-plus"
        onClick={[Function]}
        role="button"
        tabIndex="0"
      />
    </div>
  </div>
  <div
    className="advanced-controls"
    key="1"
  >
    <table>
      <tbody>
        <tr>
          <td>
            And
          </td>
          <td>
            <label
              className="switch"
              htmlFor="operator-toggle"
            >
              <input
                checked={true}
                className="operator-toggle"
                id="operator-toggle"
                onChange={[Function]}
                type="checkbox"
              />
              <span
                className="slider"
              />
            </label>
          </td>
          <td>
            Or
          </td>
        </tr>
      </tbody>
    </table>
    <select
      onChange={[Function]}
      role="button"
    >
      <option
        label="contains"
        selected="selected"
      >
        contains
      </option>
      <option
        label="does not contain"
      >
        does not contain
      </option>
      <option
        label="starts with"
      >
        starts with
      </option>
      <option
        label="does not start with"
      >
        does not start with
      </option>
      <option
        label="is"
      >
        is
      </option>
      <option
        label="is not"
      >
        is not
      </option>
    </select>
    <input
      className="advanced-search"
      data-type="advanced-filter"
      onChange={[Function]}
      type="text"
      value="me"
    />
    <div>
      <span
        className="glyphicon glyphicon-minus"
        onClick={[Function]}
        role="button"
        tabIndex="0"
      />
      <span
        className="glyphicon glyphicon-plus"
        onClick={[Function]}
        role="button"
        tabIndex="0"
      />
    </div>
  </div>
</div>
`;
