// Jest Snapshot v1, https://goo.gl/fbAQLP

exports[`HorizontalBarChart HorizontalBarChart component renders correctly 1`] = `
<PieChart
  chartHeight={30}
  chartSpacing={false}
  chartWidth={30}
  dataLabelOptions={false}
  donut={30}
  legendOptions={false}
  seriesData={Object {}}
  seriesName="ex-name"
  seriesTitle="test chart"
  showInLegend={false}
  titleOptions={false}
  tooltipOptions={false}
>
  <div />
</PieChart>
`;
