// Jest Snapshot v1, https://goo.gl/fbAQLP

exports[`SumChartMinimize SumChartMinimize component renders correctly 1`] = `
<Connect(SumChartMinimize)
  bottom={52}
  label="teststate"
  mapId="map-1"
  store={
    Object {
      "clearActions": [Function],
      "dispatch": [Function],
      "getActions": [Function],
      "getState": [Function],
      "replaceReducer": [Function],
      "subscribe": [Function],
    }
  }
  toggleChart={[MockFunction]}
>
  <SumChartMinimize
    bottom={52}
    dispatch={[Function]}
    label="teststate"
    mapId="map-1"
    showFilterPanel={true}
    store={
      Object {
        "clearActions": [Function],
        "dispatch": [Function],
        "getActions": [Function],
        "getState": [Function],
        "replaceReducer": [Function],
        "subscribe": [Function],
      }
    }
    storeSubscription={
      Subscription {
        "listeners": Object {
          "clear": [Function],
          "get": [Function],
          "notify": [Function],
          "subscribe": [Function],
        },
        "onStateChange": [Function],
        "parentSub": undefined,
        "store": Object {
          "clearActions": [Function],
          "dispatch": [Function],
          "getActions": [Function],
          "getState": [Function],
          "replaceReducer": [Function],
          "subscribe": [Function],
        },
        "unsubscribe": [Function],
      }
    }
    toggleChart={[MockFunction]}
  >
    <a
      className="toggleChart"
      data-icon-credit="Created by Barracuda from the Noun Project"
      data-icon-credit-url="https://thenounproject.com/barracuda/collection/chart/?i=1217547"
      onClick={[Function]}
      role="button"
      style={
        Object {
          "bottom": 52,
          "right": "286px",
          "zIndex": 5000,
        }
      }
      tabIndex="-1"
      title="Hide Summary Charts"
    >
      <span />
    </a>
  </SumChartMinimize>
</Connect(SumChartMinimize)>
`;
