// Jest Snapshot v1, https://goo.gl/fbAQLP

exports[`Layers Layers component renders correctly 1`] = `
<ul
  className="layers"
>
  <Layer
    key="sample-layer"
    layer={
      Object {
        "category": "Boundaries and Place Labels",
        "id": "sample-layer",
        "label": "Boundaries",
        "paint": Object {
          "line-color": "#444",
          "line-opacity": 0.6,
          "line-width": 1,
        },
        "source": Object {
          "layer": "som_adm_2-0j5bly",
          "type": "vector",
          "url": "mapbox://ona.6gl2shzi",
        },
        "type": "line",
        "visible": true,
      }
    }
    mapTargetId="map-1"
  />
</ul>
`;
