// Jest Snapshot v1, https://goo.gl/fbAQLP

exports[`Layers should render correctly when user not authenticated: Layer with id 1`] = `
<ul
  className="layers"
>
  <Connect(Layer)
    key="sample-layer"
    layer={
      Object {
        "category": "Boundaries and Place Labels",
        "id": "sample-layer",
        "label": "Boundaries",
        "paint": Object {
          "line-color": "#444",
          "line-opacity": 0.6,
          "line-width": 1,
        },
        "source": Object {
          "layer": "som_adm_2-0j5bly",
          "type": "vector",
          "url": "mapbox://ona.6gl2shzi",
        },
        "type": "line",
        "visible": true,
      }
    }
    mapId="map-1"
  />
</ul>
`;

exports[`Layers should render correctly when user not authenticated: Layer without id 1`] = `
<ul
  className="layers"
>
  <li>
    <a
      className="sub-category"
      key="sample-layer-0-link"
      onClick={[Function]}
    >
      sample-layer
      <span
        className="category glyphicon glyphicon-chevron-right"
      />
    </a>
  </li>
</ul>
`;
