// Jest Snapshot v1, https://goo.gl/fbAQLP

exports[`StyleSelector should set props 1`] = `
<Connect(StyleSelector)
  mapId="map-1"
  store={
    Object {
      "clearActions": [Function],
      "dispatch": [Function],
      "getActions": [Function],
      "getState": [Function],
      "replaceReducer": [Function],
      "subscribe": [Function],
    }
  }
  styles={Array []}
>
  <StyleSelector
    MAP={
      Object {
        "showFilterPanel": true,
      }
    }
    dispatch={[Function]}
    mapId="map-1"
    showFilterPanel={true}
    store={
      Object {
        "clearActions": [Function],
        "dispatch": [Function],
        "getActions": [Function],
        "getState": [Function],
        "replaceReducer": [Function],
        "subscribe": [Function],
      }
    }
    storeSubscription={
      Subscription {
        "listeners": Object {
          "clear": [Function],
          "get": [Function],
          "notify": [Function],
          "subscribe": [Function],
        },
        "onStateChange": [Function],
        "parentSub": undefined,
        "store": Object {
          "clearActions": [Function],
          "dispatch": [Function],
          "getActions": [Function],
          "getState": [Function],
          "replaceReducer": [Function],
          "subscribe": [Function],
        },
        "unsubscribe": [Function],
      }
    }
    styles={
      Array [
        Object {
          "label": "Satelitte",
          "url": "mapbox://styles/mapbox/satellite-v9",
        },
      ]
    }
  >
    <div
      className="leaflet-left leaflet-top leaflet-right layer-selector"
      data-html2canvas-ignore={true}
      style={
        Object {
          "right": "0",
        }
      }
    >
      <div
        aria-haspopup="true"
        className="leaflet-control leaflet-control-layers"
      >
        <a
          className="leaflet-control-layers-toggle"
          title="styles"
        >
           
        </a>
        <form
          className="leaflet-control-layers-list"
        >
          <div
            className="leaflet-control-layers-base"
          >
            <label
              htmlFor="Satelitte-map-1"
              key="label_Satelitte-map-1"
            >
              <input
                className="leaflet-control-layers-selector"
                defaultValue="mapbox://styles/mapbox/satellite-v9"
                id="Satelitte-map-1"
                key="input_Satelitte-map-1"
                name="leaflet-base-layers"
                onChange={[Function]}
                readOnly={true}
                type="radio"
              />
              <span>
                Satelitte
              </span>
            </label>
          </div>
          <div
            className="leaflet-control-layers-overlays"
          />
        </form>
      </div>
    </div>
  </StyleSelector>
</Connect(StyleSelector)>
`;
