// Jest Snapshot v1, https://goo.gl/fbAQLP

exports[`Filter Filter component renderes correctly 1`] = `
<div>
  <button
    className="filterButton glyphicon glyphicon-filter open"
    onClick={[Function]}
    style={
      Object {
        "right": "260px",
      }
    }
  />
  <div>
    <div
      className="profile-view-container filter-container"
    >
      <button
        className="filter-search"
        onClick={[Function]}
      >
        <span
          className="glyphicon glyphicon-search"
        />
      </button>
      <button
        className="close-btn filter-close"
        onClick={[Function]}
        title="Close Filters"
      >
        <span
          className="glyphicon glyphicon-remove"
        />
      </button>
      <div
        className="profile-basic-details filter-header-section"
      >
        <div
          className="profile-header-section filter-header"
        >
          <h5>
            LAYER FILTERS
          </h5>
        </div>
      </div>
      <div
        className="profile-indicators filter-section-options"
      >
        <ul>
          <li>
            <ul
              className="indicators-list"
            />
          </li>
        </ul>
      </div>
      <div
        className="filter-footer"
      >
        <div
          className="filter-footer-section"
        >
          <div
            className="filter-footer-content"
          >
            <table
              className="filter-footer-controls"
            >
              <tbody>
                <tr>
                  <td>
                    <button
                      className="disabled"
                      onClick={[Function]}
                    >
                      Clear Filters
                    </button>
                  </td>
                  <td>
                    <button
                      className="disabled"
                      onClick={[Function]}
                    >
                      Apply Filters
                    </button>
                  </td>
                </tr>
              </tbody>
            </table>
          </div>
        </div>
      </div>
    </div>
  </div>
</div>
`;
