// Jest Snapshot v1, https://goog.gl/fbAQLP

exports[`Map Map component renderes correctly 1`] = `
  <div>
    {isIE || !mapboxgl.supported() 
      ?
      (
        <div className="alert alert-info">
          Your browser is not supported. Please open link in another browser e.g Chrome or Firefox
        </div>
      ) :
      (
        <div id={this.props.mapId} style={{
          width: mapWidth,
          display: this.props.MAP.blockLoad ? 'none' : 'inline'
        }} >
          <div className="widgets">
            {/* Render Children elemets with mapId prop added to each child  */}
            {
              React.Children.map(this.props.children, child => {
                return React.cloneElement(child, {
                  mapId: this.props.mapId
                });
              })
            }
          </div>
        </div>
      )}
  </div>
`;

//if statements at the beginning just setting values, not JSX stuff
//values are not updated