// Jest Snapshot v1, https://goo.gl/fbAQLP

exports[`TitleBar TitleBar component renders correctly 1`] = `
<div>
  <div
    className="menu"
    id="menu"
    style={
      Object {
        "background": undefined,
      }
    }
  >
    <div
      className="brand"
    >
      <img
        alt="UKAID"
        className="brand-icon"
      />
      <div
        className="brand-title"
      >
        <span
          className="white"
        />
           
      </div>
    </div>
    <a
      alt="Powered by ONA"
      className="ona-logo"
      href="http://www.ona.io/"
      rel="noopener noreferrer"
      target="_blank"
      title="Powered by ONA"
    >
      Powered by
    </a>
  </div>
</div>
`;
