// Jest Snapshot v1, https://goo.gl/fbAQLP

exports[`Layer components functions are called as expected with store 1`] = `
<Provider
  store={
    Object {
      "clearActions": [Function],
      "dispatch": [Function],
      "getActions": [Function],
      "getState": [Function],
      "replaceReducer": [Function],
      "subscribe": [Function],
    }
  }
>
  <Connect(Layer)
    layer={
      Object {
        "category": "Boundaries and Place Labels",
        "id": "sample-layer",
        "label": "Boundaries",
        "paint": Object {
          "line-color": "#444",
          "line-opacity": 0.6,
          "line-width": 1,
        },
        "source": Object {
          "layer": "som_adm_2-0j5bly",
          "type": "vector",
          "url": "mapbox://ona.6gl2shzi",
        },
        "type": "line",
        "visible": true,
        "zoomOnToggle": true,
      }
    }
    mapId="map-1"
  >
    <Layer
      APP={
        Object {
          "accessToken": "pk.eyJ1Ijoib",
          "apiAccessToken": "ed7237b96",
          "appColor": "#0099ff",
          "appIcon": "",
          "appName": "Test App",
          "appNameDesc": "Rohingya Realtime Monitoring",
          "loaded": true,
          "mapConfig": Object {
            "center": Array [
              92.1,
              21.15,
            ],
            "container": "map-1",
            "style": "mapbox://styles/ona/cj50x94t60tlf2rn6r4axcsqz",
            "zoom": 11.5,
          },
        }
      }
      LOC={Object {}}
      dispatch={[Function]}
      layer={
        Object {
          "category": "Boundaries and Place Labels",
          "id": "sample-layer",
          "label": "Boundaries",
          "paint": Object {
            "line-color": "#444",
            "line-opacity": 0.6,
            "line-width": 1,
          },
          "source": Object {
            "layer": "som_adm_2-0j5bly",
            "type": "vector",
            "url": "mapbox://ona.6gl2shzi",
          },
          "type": "line",
          "visible": true,
          "zoomOnToggle": true,
        }
      }
      mapId="map-1"
      timeseries={Object {}}
    >
      <li
        className="layer"
        title=""
      >
        <input
          checked={true}
          data-layer="sample-layer"
          id="sample-layer-map-1"
          onChange={[Function]}
          type="checkbox"
        />
        <label
          htmlFor="sample-layer-map-1"
        >
          Boundaries
        </label>
      </li>
    </Layer>
  </Connect(Layer)>
</Provider>
`;
